../Drivers/STM32G4xx_HAL_Driver/Inc/stm32g4xx_ll_gpio.h:813:26:LL_GPIO_IsInputPinSet	16	static
../system/kbd.c:151:6:KBD_init	16	static
../system/kbd.c:230:6:KBD_scan	16	static
../system/kbd.c:284:16:KBD_get_pressed_button	16	static
../system/kbd.c:354:9:KBD_is_button_state_pressed	16	static
../system/kbd.c:384:6:KBD_flush	8	static
../system/kbd.c:393:9:KBD_any_button_been_pressed	8	static
../system/kbd.c:411:6:KBD_demo	16	static
../system/kbd.c:509:6:KBD_demo_toggle_LEDs_if_buttons_pressed	16	static
