../Drivers/STM32G4xx_HAL_Driver/Inc/stm32g4xx_ll_tim.h:2013:22:LL_TIM_EnableCounter	16	static
../Drivers/STM32G4xx_HAL_Driver/Inc/stm32g4xx_ll_tim.h:2583:22:LL_TIM_CC_EnableChannel	16	static
../Drivers/STM32G4xx_HAL_Driver/Inc/stm32g4xx_ll_tim.h:3196:22:LL_TIM_OC_SetCompareCH1	16	static
../Drivers/STM32G4xx_HAL_Driver/Inc/stm32g4xx_ll_tim.h:3297:26:LL_TIM_OC_GetCompareCH1	16	static
../system/lcd_backlight.c:99:6:LCD_BKLT_init	8	static
../system/lcd_backlight.c:170:6:LCD_BKLT_set_brightness	16	static
../system/lcd_backlight.c:190:9:LCD_BKLT_get_brightness	8	static
../system/lcd_backlight.c:208:6:LCD_BKLT_on	8	static
../system/lcd_backlight.c:215:6:LCD_BKLT_off	8	static
../system/lcd_backlight.c:234:6:LCD_BKLT_demo	24	static
