../Drivers/STM32G4xx_HAL_Driver/Inc/stm32g4xx_ll_gpio.h:865:26:LL_GPIO_IsOutputPinSet	16	static
../Drivers/STM32G4xx_HAL_Driver/Inc/stm32g4xx_ll_gpio.h:894:22:LL_GPIO_SetOutputPin	16	static
../Drivers/STM32G4xx_HAL_Driver/Inc/stm32g4xx_ll_gpio.h:923:22:LL_GPIO_ResetOutputPin	16	static
../Drivers/STM32G4xx_HAL_Driver/Inc/stm32g4xx_ll_gpio.h:952:22:LL_GPIO_TogglePin	24	static
../system/LED.c:114:6:LED_init	8	static
../system/LED.c:195:6:LED_on	16	static
../system/LED.c:224:6:LED_off	16	static
../system/LED.c:235:6:LED_toggle	16	static
../system/LED.c:245:6:LED_set	16	static
../system/LED.c:284:6:LEDs_on	24	static
../system/LED.c:315:6:LEDs_off	24	static
../system/LED.c:355:6:LEDs_write	24	static
../system/LED.c:397:9:LED_is_on	16	static
../system/LED.c:406:9:LEDs_read	16	static
../system/LED.c:435:6:LED_demo	8	static
