../Drivers/STM32G4xx_HAL_Driver/Inc/stm32g4xx_ll_usart.h:2992:26:LL_USART_IsActiveFlag_RXNE_RXFNE	16	static
../Drivers/STM32G4xx_HAL_Driver/Inc/stm32g4xx_ll_usart.h:3019:26:LL_USART_IsActiveFlag_TXE_TXFNF	16	static
../Drivers/STM32G4xx_HAL_Driver/Inc/stm32g4xx_ll_usart.h:3475:22:LL_USART_EnableIT_RXNE_RXFNE	40	static,ignoring_inline_asm
../Drivers/STM32G4xx_HAL_Driver/Inc/stm32g4xx_ll_usart.h:3502:22:LL_USART_EnableIT_TXE_TXFNF	40	static,ignoring_inline_asm
../Drivers/STM32G4xx_HAL_Driver/Inc/stm32g4xx_ll_usart.h:3719:22:LL_USART_DisableIT_TXE_TXFNF	40	static,ignoring_inline_asm
../Drivers/STM32G4xx_HAL_Driver/Inc/stm32g4xx_ll_usart.h:4253:25:LL_USART_ReceiveData8	16	static
../Drivers/STM32G4xx_HAL_Driver/Inc/stm32g4xx_ll_usart.h:4276:22:LL_USART_TransmitData8	16	static
../system/SCI.c:125:6:SCI_init	8	static
../system/SCI.c:241:6:SCI_send_char	16	static
../system/SCI.c:262:6:SCI_send_byte	16	static
../system/SCI.c:291:6:SCI_send_string	24	static
../system/SCI.c:310:6:SCI_send_string_IT	24	static
../system/SCI.c:350:6:SCI_send_bytes_IT	16	static
../system/SCI.c:391:10:SCI_RX_buffer_get_data_size	8	static
../system/SCI.c:399:10:SCI_is_RX_buffer_not_empty	8	static
../system/SCI.c:407:18:SCI_RX_buffer_get_byte	16	static
../system/SCI.c:417:18:SCI_RX_buffer_get_bytes	16	static
../system/SCI.c:424:18:SCI_RX_buffer_flush	8	static
../system/SCI.c:436:18:SCI_TX_buffer_flush	8	static
../system/SCI.c:454:6:SCI_receive_byte_Callback	16	static
../system/SCI.c:475:6:SCI_transmit_byte_Callback	16	static
../system/SCI.c:534:6:SCI_demo_receive_with_interrupts	16	static
../system/SCI.c:564:6:SCI_demo_transmit_with_interrupts	120	static
../system/SCI.c:593:6:SCI_demo_echo_with_interrupts	544	static
../system/SCI.c:663:6:SCI_send_bytes	24	static
../system/SCI.c:693:9:SCI_is_data_waiting	8	static
../system/SCI.c:711:18:SCI_read_char	16	static
../system/SCI.c:748:18:SCI_read_byte	16	static
../system/SCI.c:795:5:_write	24	static
../system/SCI.c:834:6:SCI_demo_Hello_world	48	static
../system/SCI.c:855:6:SCI_demo_Hello_world_printf	8	static
../system/SCI.c:874:6:SCI_demo_echo_with_polling	32	static
